#-----------------------------------------------------------
# Vivado v2025.1 (64-bit)
# SW Build 6140274 on Thu May 22 00:12:29 MDT 2025
# IP Build 6138677 on Thu May 22 03:10:11 MDT 2025
# SharedData Build 6139179 on Tue May 20 17:58:58 MDT 2025
# Start of session at: Sun Dec  7 21:11:59 2025
# Process ID         : 17368
# Current directory  : D:/Computer Science/Vivado/project_10/project_10.runs/synth_1
# Command line       : vivado.exe -log ntt_top.vds -product Vivado -mode batch -messageDb vivado.pb -notrace -source ntt_top.tcl
# Log file           : D:/Computer Science/Vivado/project_10/project_10.runs/synth_1/ntt_top.vds
# Journal file       : D:/Computer Science/Vivado/project_10/project_10.runs/synth_1\vivado.jou
# Running On         : Yash-Mahto
# Platform           : Windows Server 2016 or Windows 10
# Operating System   : 19045
# Processor Detail   : 11th Gen Intel(R) Core(TM) i3-1115G4 @ 3.00GHz
# CPU Frequency      : 2995 MHz
# CPU Physical cores : 2
# CPU Logical cores  : 4
# Host memory        : 8311 MB
# Swap memory        : 10894 MB
# Total Virtual      : 19206 MB
# Available Virtual  : 5957 MB
#-----------------------------------------------------------
source ntt_top.tcl -notrace
